// Jest Snapshot v1, https://goo.gl/fbAQLP

exports[`Prueba de componente <GifItem/> Debe de hacer match con el snapshot  1`] = `
<div>
  <div
    class="card"
  >
    <img
      alt="saitama"
      src="https://one-punch.saitama/soy"
    />
    <p>
      saitama
    </p>
  </div>
</div>
`;
